INFO:     Started server process [13576]
INFO:     Waiting for application startup.
INFO:     Application startup complete.
INFO:     Uvicorn running on http://127.0.0.1:8000 (Press CTRL+C to quit)
D:\AI_Based_Examination_platform\backend\.venv\Lib\site-packages\starlette\_exception_handler.py:59: StarletteDeprecationWarning: 'HTTP_422_UNPROCESSABLE_ENTITY' is deprecated. Use 'HTTP_422_UNPROCESSABLE_CONTENT' instead.
  response = await handler(conn, exc)  # type: ignore[arg-type]
D:\AI_Based_Examination_platform\backend\.venv\Lib\site-packages\starlette\_exception_handler.py:59: StarletteDeprecationWarning: 'HTTP_422_UNPROCESSABLE_ENTITY' is deprecated. Use 'HTTP_422_UNPROCESSABLE_CONTENT' instead.
  response = await handler(conn, exc)  # type: ignore[arg-type]
Run time of job "_sweep_job (trigger: interval[0:01:00], next run at: 2026-09-25 16:19:45 IST)" was missed by 0:00:07.725310
Run time of job "_sweep_job (trigger: interval[0:01:00], next run at: 2026-09-25 16:39:45 IST)" was missed by 0:00:46.746811
Run time of job "_sweep_job (trigger: interval[0:01:00], next run at: 2026-09-25 17:25:45 IST)" was missed by 0:00:37.666038
INFO:     127.0.0.1:64868 - "WebSocket /api/v1/ws/sessions/824270ba-79a3-4d63-99bc-83fa6240e533/proctor" [accepted]
INFO:     connection open
INFO:     127.0.0.1:56760 - "WebSocket /api/v1/ws/sessions/824270ba-79a3-4d63-99bc-83fa6240e533/proctor" [accepted]
INFO:     connection open
INFO:     127.0.0.1:62837 - "WebSocket /api/v1/ws/sessions/824270ba-79a3-4d63-99bc-83fa6240e533/live-broadcast" [accepted]
INFO:     connection open
INFO:     127.0.0.1:54525 - "WebSocket /api/v1/ws/sessions/824270ba-79a3-4d63-99bc-83fa6240e533/live-broadcast" [accepted]
INFO:     connection open
INFO:     127.0.0.1:49359 - "WebSocket /api/v1/ws/sessions/824270ba-79a3-4d63-99bc-83fa6240e533/proctor" [accepted]
INFO:     connection open
INFO:     127.0.0.1:63240 - "WebSocket /api/v1/ws/sessions/824270ba-79a3-4d63-99bc-83fa6240e533/proctor" [accepted]
INFO:     connection open
INFO:     127.0.0.1:50784 - "WebSocket /api/v1/ws/sessions/824270ba-79a3-4d63-99bc-83fa6240e533/live-broadcast" [accepted]
INFO:     connection open
INFO:     127.0.0.1:49206 - "WebSocket /api/v1/ws/sessions/824270ba-79a3-4d63-99bc-83fa6240e533/live-broadcast" [accepted]
INFO:     connection open
Exception in callback _ProactorBasePipeTransport._call_connection_lost(None)
handle: <Handle _ProactorBasePipeTransport._call_connection_lost(None)>
Traceback (most recent call last):
  File "C:\Users\sneha\AppData\Local\Programs\Python\Python312\Lib\asyncio\events.py", line 88, in _run
    self._context.run(self._callback, *self._args)
  File "C:\Users\sneha\AppData\Local\Programs\Python\Python312\Lib\asyncio\proactor_events.py", line 165, in _call_connection_lost
    self._sock.shutdown(socket.SHUT_RDWR)
ConnectionResetError: [WinError 10054] An existing connection was forcibly closed by the remote host
Exception in callback _ProactorBasePipeTransport._call_connection_lost(None)
handle: <Handle _ProactorBasePipeTransport._call_connection_lost(None)>
Traceback (most recent call last):
  File "C:\Users\sneha\AppData\Local\Programs\Python\Python312\Lib\asyncio\events.py", line 88, in _run
    self._context.run(self._callback, *self._args)
  File "C:\Users\sneha\AppData\Local\Programs\Python\Python312\Lib\asyncio\proactor_events.py", line 165, in _call_connection_lost
    self._sock.shutdown(socket.SHUT_RDWR)
ConnectionResetError: [WinError 10054] An existing connection was forcibly closed by the remote host
D:\AI_Based_Examination_platform\backend\.venv\Lib\site-packages\fastapi\routing.py:352: StarletteDeprecationWarning: 'HTTP_422_UNPROCESSABLE_ENTITY' is deprecated. Use 'HTTP_422_UNPROCESSABLE_CONTENT' instead.
  return await dependant.call(**values)
Exception in callback _ProactorBasePipeTransport._call_connection_lost(None)
handle: <Handle _ProactorBasePipeTransport._call_connection_lost(None)>
Traceback (most recent call last):
  File "C:\Users\sneha\AppData\Local\Programs\Python\Python312\Lib\asyncio\events.py", line 88, in _run
    self._context.run(self._callback, *self._args)
  File "C:\Users\sneha\AppData\Local\Programs\Python\Python312\Lib\asyncio\proactor_events.py", line 165, in _call_connection_lost
    self._sock.shutdown(socket.SHUT_RDWR)
ConnectionResetError: [WinError 10054] An existing connection was forcibly closed by the remote host
D:\AI_Based_Examination_platform\backend\app\api\v1\exams.py:636: StarletteDeprecationWarning: 'HTTP_422_UNPROCESSABLE_ENTITY' is deprecated. Use 'HTTP_422_UNPROCESSABLE_CONTENT' instead.
  new_questions = _resolve_pool_questions(db, exam, fresh)  # validates subject/ownership
Run time of job "_sweep_job (trigger: interval[0:01:00], next run at: 2026-09-25 17:56:45 IST)" was missed by 0:00:16.854207
Run time of job "_sweep_job (trigger: interval[0:01:00], next run at: 2026-09-25 18:01:45 IST)" was missed by 0:00:23.058839
Run time of job "_sweep_job (trigger: interval[0:01:00], next run at: 2026-09-25 18:22:45 IST)" was missed by 0:00:27.537640
Run time of job "_sweep_job (trigger: interval[0:01:00], next run at: 2026-09-25 19:01:45 IST)" was missed by 0:00:36.433160
Exception in callback _ProactorBasePipeTransport._call_connection_lost(None)
handle: <Handle _ProactorBasePipeTransport._call_connection_lost(None)>
Traceback (most recent call last):
  File "C:\Users\sneha\AppData\Local\Programs\Python\Python312\Lib\asyncio\events.py", line 88, in _run
    self._context.run(self._callback, *self._args)
  File "C:\Users\sneha\AppData\Local\Programs\Python\Python312\Lib\asyncio\proactor_events.py", line 165, in _call_connection_lost
    self._sock.shutdown(socket.SHUT_RDWR)
ConnectionResetError: [WinError 10054] An existing connection was forcibly closed by the remote host
Run time of job "_sweep_job (trigger: interval[0:01:00], next run at: 2026-09-26 20:55:45 IST)" was missed by 0:00:58.395369
Run time of job "_sweep_job (trigger: interval[0:01:00], next run at: 2026-09-26 21:19:45 IST)" was missed by 0:00:57.651784
Run time of job "_sweep_job (trigger: interval[0:01:00], next run at: 2026-09-26 21:41:45 IST)" was missed by 0:00:29.758679
Run time of job "_sweep_job (trigger: interval[0:01:00], next run at: 2026-09-26 22:26:45 IST)" was missed by 0:00:52.567418
Run time of job "_sweep_job (trigger: interval[0:01:00], next run at: 2026-09-26 22:53:45 IST)" was missed by 0:00:41.095110
Run time of job "_sweep_job (trigger: interval[0:01:00], next run at: 2026-09-27 01:22:45 IST)" was missed by 0:00:58.865880
